// Jest Snapshot v1, https://goo.gl/fbAQLP

exports[`snapshot test 1`] = `
<div
  className="Profile"
>
  <div
    className="profile-flex"
  >
    <div
      className="header-left"
    >
       Create Study 
    </div>
    <div
      className="title-row"
    >
      <div>
        Title
      </div>
      <input
        className="input-field"
        id="title"
        onChange={[Function]}
        title="title"
        type="text"
      />
    </div>
    <div
      className="description-row"
    >
      <div>
        Description
      </div>
      <input
        className="input-field"
        id="description"
        onChange={[Function]}
        title="description"
        type="text"
      />
      <div>
        Compensation
      </div>
      <input
        className="input-field"
        id="compensation"
        onChange={[Function]}
        title="compensation"
        type="text"
      />
      <div>
        Duration
      </div>
      <input
        className="input-field"
        id="duration"
        onChange={[Function]}
        title="duration"
        type="text"
      />
    </div>
    <div
      className="profile-row"
    >
      <div>
        Tags
      </div>
    </div>
    <div
      className="profile-row"
    >
      <select
        data-testid="select"
        onChange={[Function]}
      >
        <option
          value="diabetes"
        >
          Diabetes
        </option>
        <option
          value="cancer"
        >
          Cancer
        </option>
        <option
          value="social"
        >
          Social
        </option>
        <option
          value="placebo"
        >
          placebo
        </option>
        <option
          value="brain"
        >
          Brain
        </option>
        <option
          value="physical"
        >
          Physical
        </option>
      </select>
    </div>
    <input
      className="signup-button"
      onClick={[Function]}
      title="add-study"
      type="submit"
      value="Add Study"
    />
  </div>
</div>
`;
