// Jest Snapshot v1, https://goo.gl/fbAQLP

exports[`snapshot test 1`] = `
<div
  className="Home"
>
  <div
    className="nav"
  >
    <button
      className="nav-btn"
      onClick={[Function]}
      type="button"
    >
      HOME
    </button>
    <button
      className="nav-btn"
      onClick={[Function]}
      type="button"
    >
      MY STUDIES
    </button>
    <button
      className="nav-btn"
      onClick={[Function]}
      type="button"
    >
      MESSAGES
    </button>
    <button
      className="nav-btn"
      onClick={[Function]}
      type="button"
    >
      ANALYTICS
    </button>
    <button
      className="account-btn"
      onClick={[Function]}
      type="button"
    >
      ACCOUNT
    </button>
    <div
      className="acct-options"
      style={
        Object {
          "display": "none",
        }
      }
    >
      <button
        className="account-btn"
        onClick={[Function]}
        type="button"
      >
        EDIT PROFILE
      </button>
      <button
        className="account-btn"
        onClick={[Function]}
        type="button"
      >
        DELETE ACCOUNT
      </button>
      <button
        className="logout-btn"
        onClick={[Function]}
        type="button"
      >
        LOGOUT
      </button>
    </div>
  </div>
  <div
    className="study-flex"
  >
    <div
      className="header-left"
    >
      Enrolled Studies
    </div>
    <div />
  </div>
  <div
    className="study-flex"
  >
    <div
      className="header-left"
    >
      For Testing Purposes: Delete Later
    </div>
    <div
      className="study"
    >
      <div
        className="study-title"
      >
        Sleep Research
      </div>
      <button
        className="view-button"
        onClick={[Function]}
        type="button"
      >
        VIEW
      </button>
    </div>
  </div>
</div>
`;
