// Jest Snapshot v1, https://goo.gl/fbAQLP

exports[`snapshot test 1`] = `
<div
  className="Type"
>
  <div
    className="header-left"
  >
    Select account type
  </div>
  <label
    className="radio-option"
    htmlFor="form"
  >
    <form>
      <label>
        researcher 
        <input
          data-testid="researcher"
          id="researcher"
          name="researcher"
          onClick={[Function]}
          type="radio"
          value="researcher"
        />
      </label>
    </form>
    <div>
      Researcher
    </div>
  </label>
  <label
    className="radio-option"
    htmlFor="form"
  >
    <form>
      <label>
        participant 
        <input
          data-testid="participant"
          id="participant"
          name="participant"
          onClick={[Function]}
          type="radio"
          value="participant"
        />
      </label>
    </form>
    <div>
      Participant
    </div>
  </label>
  <button
    className="confirm-button"
    onClick={[Function]}
    type="submit"
    value="CONFIRM"
  >
     CONFIRM
  </button>
</div>
`;
